	github.com/DotNetAge/mindx		coverage: 0.0% of statements
	github.com/DotNetAge/mindx/cmd		coverage: 0.0% of statements
	github.com/DotNetAge/mindx/cmd/intercept		coverage: 0.0% of statements
	github.com/DotNetAge/mindx/cmd/rpctest		coverage: 0.0% of statements
=== RUN   TestChatSession
--- PASS: TestChatSession (0.00s)
=== RUN   TestRegisterAndGet
--- PASS: TestRegisterAndGet (0.00s)
=== RUN   TestList
--- PASS: TestList (0.00s)
=== RUN   TestGetUnknown
--- PASS: TestGetUnknown (0.00s)
=== RUN   TestBuiltinCommands
--- PASS: TestBuiltinCommands (0.00s)
=== RUN   TestHelpCommand
--- PASS: TestHelpCommand (0.00s)
=== RUN   TestClearCommand
--- PASS: TestClearCommand (0.00s)
PASS
coverage: 2.3% of statements
ok  	github.com/DotNetAge/mindx/internal/client	1.143s	coverage: 2.3% of statements
	github.com/DotNetAge/mindx/internal/client/component/changes		coverage: 0.0% of statements
=== RUN   TestNewChoicesPanel
--- PASS: TestNewChoicesPanel (0.00s)
=== RUN   TestChoicesPanelHiddenByDefault
--- PASS: TestChoicesPanelHiddenByDefault (0.00s)
=== RUN   TestShowChoicesMsg
--- PASS: TestShowChoicesMsg (0.00s)
=== RUN   TestChoicesPanelView
--- PASS: TestChoicesPanelView (0.00s)
=== RUN   TestCursorNavigationDown
--- PASS: TestCursorNavigationDown (0.00s)
=== RUN   TestCursorNavigationUp
--- PASS: TestCursorNavigationUp (0.00s)
=== RUN   TestCursorBoundaryUp
--- PASS: TestCursorBoundaryUp (0.00s)
=== RUN   TestCursorBoundaryDown
--- PASS: TestCursorBoundaryDown (0.00s)
=== RUN   TestChoicesPanelEnterSelect
--- PASS: TestChoicesPanelEnterSelect (0.00s)
=== RUN   TestHiddenChoicesIgnoreKeys
--- PASS: TestHiddenChoicesIgnoreKeys (0.00s)
=== RUN   TestChoicesPanelEmptyItems
--- PASS: TestChoicesPanelEmptyItems (0.00s)
=== RUN   TestMultiSelectMode
--- PASS: TestMultiSelectMode (0.00s)
=== RUN   TestMultiSelectToggle
--- PASS: TestMultiSelectToggle (0.01s)
=== RUN   TestMultiSelectMultiple
--- PASS: TestMultiSelectMultiple (0.01s)
=== RUN   TestMultiSelectEnterResult
--- PASS: TestMultiSelectEnterResult (0.00s)
=== RUN   TestMultiSelectWithTextInput
--- PASS: TestMultiSelectWithTextInput (0.00s)
=== RUN   TestCustomInputTabToggle
--- PASS: TestCustomInputTabToggle (0.00s)
=== RUN   TestCustomInputTyping
--- PASS: TestCustomInputTyping (0.00s)
=== RUN   TestCustomInputBackspace
--- PASS: TestCustomInputBackspace (0.00s)
=== RUN   TestCustomInputEscExits
--- PASS: TestCustomInputEscExits (0.00s)
=== RUN   TestCustomInputUpReturnsToList
--- PASS: TestCustomInputUpReturnsToList (0.00s)
=== RUN   TestCustomInputEnterSubmitsWithText
--- PASS: TestCustomInputEnterSubmitsWithText (0.00s)
=== RUN   TestMultiSelectEscCancel
--- PASS: TestMultiSelectEscCancel (0.00s)
=== RUN   TestSingleSelectSpaceIgnored
--- PASS: TestSingleSelectSpaceIgnored (0.00s)
=== RUN   TestMultiSelectCursorVisibleInRender
--- PASS: TestMultiSelectCursorVisibleInRender (0.00s)
=== RUN   TestMultiSelectInputNotLinkedToItems
--- PASS: TestMultiSelectInputNotLinkedToItems (0.00s)
PASS
coverage: 86.1% of statements
ok  	github.com/DotNetAge/mindx/internal/client/component/choices	1.082s	coverage: 86.1% of statements
=== RUN   TestQuestionView
--- PASS: TestQuestionView (0.00s)
=== RUN   TestQuestionViewEmpty
--- PASS: TestQuestionViewEmpty (0.00s)
=== RUN   TestThoughtView
--- PASS: TestThoughtView (0.00s)
=== RUN   TestActionUpdateStartExecEnd
--- PASS: TestActionUpdateStartExecEnd (0.00s)
=== RUN   TestActionView
--- PASS: TestActionView (0.00s)
=== RUN   TestOutputUpdateFinalAnswer
--- PASS: TestOutputUpdateFinalAnswer (0.00s)
=== RUN   TestOutputUpdateError
--- PASS: TestOutputUpdateError (0.00s)
=== RUN   TestOutputUpdateDeduplicate
--- PASS: TestOutputUpdateDeduplicate (0.00s)
=== RUN   TestConversationFullFlow
--- PASS: TestConversationFullFlow (0.00s)
=== RUN   TestConversationMultiRoundFlow
--- PASS: TestConversationMultiRoundFlow (0.00s)
=== RUN   TestConversationViewFullTAO
--- PASS: TestConversationViewFullTAO (0.00s)
=== RUN   TestConversationViewEmpty
--- PASS: TestConversationViewEmpty (0.00s)
=== RUN   TestConversationDoneBlocksUpdates
--- PASS: TestConversationDoneBlocksUpdates (0.00s)
=== RUN   TestClearScreen
--- PASS: TestClearScreen (0.00s)
=== RUN   TestConversationMaxTurnsReached
--- PASS: TestConversationMaxTurnsReached (0.00s)
=== RUN   TestConversationMaxTurnsReachedView
--- PASS: TestConversationMaxTurnsReachedView (0.00s)
PASS
coverage: 37.7% of statements
ok  	github.com/DotNetAge/mindx/internal/client/component/conv	1.082s	coverage: 37.7% of statements
	github.com/DotNetAge/mindx/internal/client/component/dialog		coverage: 0.0% of statements
=== RUN   TestNewInputArea
--- PASS: TestNewInputArea (0.00s)
=== RUN   TestInputAreaViewNotHidden
--- PASS: TestInputAreaViewNotHidden (0.00s)
=== RUN   TestInputAreaViewHidden
--- PASS: TestInputAreaViewHidden (0.00s)
=== RUN   TestInputAreaViewEmpty
--- PASS: TestInputAreaViewEmpty (0.00s)
=== RUN   TestWindowResize
--- PASS: TestWindowResize (0.00s)
=== RUN   TestTypeCharacter
--- PASS: TestTypeCharacter (0.00s)
=== RUN   TestBackspace
--- PASS: TestBackspace (0.00s)
=== RUN   TestBackspaceEmpty
--- PASS: TestBackspaceEmpty (0.00s)
=== RUN   TestEnterSendMessage
--- PASS: TestEnterSendMessage (0.00s)
=== RUN   TestEnterSlashCommand
--- PASS: TestEnterSlashCommand (0.00s)
=== RUN   TestEnterEmptyText
--- PASS: TestEnterEmptyText (0.00s)
=== RUN   TestCtrlC
--- PASS: TestCtrlC (0.00s)
=== RUN   TestCtrlL
--- PASS: TestCtrlL (0.00s)
=== RUN   TestCommandSuggestions
--- PASS: TestCommandSuggestions (0.00s)
=== RUN   TestTabAutocompleteCommand
--- PASS: TestTabAutocompleteCommand (0.00s)
=== RUN   TestCommandSuggestionDownUp
--- PASS: TestCommandSuggestionDownUp (0.00s)
=== RUN   TestAgentSuggestions
--- PASS: TestAgentSuggestions (0.00s)
=== RUN   TestTabAutocompleteAgent
--- PASS: TestTabAutocompleteAgent (0.00s)
=== RUN   TestAgentSuggestionDownUp
--- PASS: TestAgentSuggestionDownUp (0.00s)
=== RUN   TestViewWithText
--- PASS: TestViewWithText (0.00s)
=== RUN   TestViewWithCommandSuggestions
--- PASS: TestViewWithCommandSuggestions (0.00s)
=== RUN   TestViewWithAgentSuggestions
--- PASS: TestViewWithAgentSuggestions (0.00s)
=== RUN   TestOtherMsgIgnored
--- PASS: TestOtherMsgIgnored (0.00s)
=== RUN   TestKeyPressWhenHidden
--- PASS: TestKeyPressWhenHidden (0.00s)
=== RUN   TestSlashCommandWithArgs
--- PASS: TestSlashCommandWithArgs (0.00s)
PASS
coverage: 51.7% of statements
ok  	github.com/DotNetAge/mindx/internal/client/component/input	1.011s	coverage: 51.7% of statements
=== RUN   TestNewNotificationBar
--- PASS: TestNewNotificationBar (0.00s)
=== RUN   TestNotificationBarEmptyView
--- PASS: TestNotificationBarEmptyView (0.00s)
=== RUN   TestNotificationAdd
--- PASS: TestNotificationAdd (0.00s)
=== RUN   TestNotificationIconInfo
--- PASS: TestNotificationIconInfo (0.00s)
=== RUN   TestNotificationIconSuccess
--- PASS: TestNotificationIconSuccess (0.00s)
=== RUN   TestNotificationIconError
--- PASS: TestNotificationIconError (0.00s)
=== RUN   TestNotificationIconWarning
--- PASS: TestNotificationIconWarning (0.00s)
=== RUN   TestNotificationMaxVisible
--- PASS: TestNotificationMaxVisible (0.00s)
=== RUN   TestNotifTimeoutRemove
--- PASS: TestNotifTimeoutRemove (0.00s)
=== RUN   TestWindowResize
--- PASS: TestWindowResize (0.00s)
=== RUN   TestNotificationOrder
--- PASS: TestNotificationOrder (0.00s)
=== RUN   TestNotificationWithCustomID
--- PASS: TestNotificationWithCustomID (0.00s)
=== RUN   TestNotificationIconDefault
--- PASS: TestNotificationIconDefault (0.00s)
PASS
coverage: 93.3% of statements
ok  	github.com/DotNetAge/mindx/internal/client/component/notify	1.008s	coverage: 93.3% of statements
	github.com/DotNetAge/mindx/internal/client/component/permission		coverage: 0.0% of statements
	github.com/DotNetAge/mindx/internal/client/component/sidebar		coverage: 0.0% of statements
=== RUN   TestNewStatusBar
--- PASS: TestNewStatusBar (0.00s)
=== RUN   TestStatusBarViewIdle
--- PASS: TestStatusBarViewIdle (0.00s)
=== RUN   TestStatusBarViewProcessing
--- PASS: TestStatusBarViewProcessing (0.00s)
=== RUN   TestStatusBarViewWithSession
--- PASS: TestStatusBarViewWithSession (0.00s)
=== RUN   TestStatusBarViewWithTokens
--- PASS: TestStatusBarViewWithTokens (0.00s)
=== RUN   TestStatusBarViewWithAgentModel
--- PASS: TestStatusBarViewWithAgentModel (0.00s)
=== RUN   TestStatusBarViewWithMode
--- PASS: TestStatusBarViewWithMode (0.00s)
=== RUN   TestStatusBarViewWithShortcuts
--- PASS: TestStatusBarViewWithShortcuts (0.00s)
=== RUN   TestStatusBarUpdate
--- PASS: TestStatusBarUpdate (0.00s)
=== RUN   TestStatusBarViewWithAllFields
--- PASS: TestStatusBarViewWithAllFields (0.00s)
PASS
coverage: 52.3% of statements
ok  	github.com/DotNetAge/mindx/internal/client/component/statusbar	1.010s	coverage: 52.3% of statements
	github.com/DotNetAge/mindx/internal/client/component/welcome		coverage: 0.0% of statements
=== RUN   TestConnectionState
--- PASS: TestConnectionState (0.00s)
=== RUN   TestNotificationLevel
--- PASS: TestNotificationLevel (0.00s)
PASS
coverage: 0.0% of statements
ok  	github.com/DotNetAge/mindx/internal/client/data	1.007s	coverage: 0.0% of statements
=== RUN   TestWindowResizeMsg
--- PASS: TestWindowResizeMsg (0.00s)
=== RUN   TestShowChoicesMsg
--- PASS: TestShowChoicesMsg (0.00s)
=== RUN   TestAgentErrorMsg
--- PASS: TestAgentErrorMsg (0.00s)
=== RUN   TestTickMsg
--- PASS: TestTickMsg (0.00s)
=== RUN   TestExitMsg
--- PASS: TestExitMsg (0.00s)
PASS
coverage: [no statements]
ok  	github.com/DotNetAge/mindx/internal/client/msg	1.011s	coverage: [no statements]
	github.com/DotNetAge/mindx/internal/client/render		coverage: 0.0% of statements
	github.com/DotNetAge/mindx/internal/client/style		coverage: 0.0% of statements
	github.com/DotNetAge/mindx/internal/commands		coverage: 0.0% of statements
=== RUN   TestSettings_Directories
=== RUN   TestSettings_Directories/SkillsDir
=== RUN   TestSettings_Directories/ModelsFile
=== RUN   TestSettings_Directories/DataDir
=== RUN   TestSettings_Directories/AgentsDir
=== RUN   TestSettings_Directories/RulesFile
=== RUN   TestSettings_Directories/SessionsDir
=== RUN   TestSettings_Directories/SchedulesDir
--- PASS: TestSettings_Directories (0.00s)
    --- PASS: TestSettings_Directories/SkillsDir (0.00s)
    --- PASS: TestSettings_Directories/ModelsFile (0.00s)
    --- PASS: TestSettings_Directories/DataDir (0.00s)
    --- PASS: TestSettings_Directories/AgentsDir (0.00s)
    --- PASS: TestSettings_Directories/RulesFile (0.00s)
    --- PASS: TestSettings_Directories/SessionsDir (0.00s)
    --- PASS: TestSettings_Directories/SchedulesDir (0.00s)
=== RUN   TestNewApp
2026-06-07T05:28:15.172Z	warn	core/app.go:88	WARNING: failed to load .env file: %v
2026-06-07T05:28:15.173Z	info	core/app.go:104	loading agents	{"dir": "/home/runner/.mindx/agents"}
    app_test.go:51: DefaultApp() error = failed to load agents: failed to read directory /home/runner/.mindx/agents: open /home/runner/.mindx/agents: no such file or directory
--- FAIL: TestNewApp (0.00s)
=== RUN   TestApp_SetLogger
--- PASS: TestApp_SetLogger (0.00s)
=== RUN   TestApp_Accessors
--- PASS: TestApp_Accessors (0.00s)
FAIL
coverage: 6.5% of statements
FAIL	github.com/DotNetAge/mindx/internal/core	0.054s
	github.com/DotNetAge/mindx/internal/setup		coverage: 0.0% of statements
	github.com/DotNetAge/mindx/internal/setup/component/apikeyinput		coverage: 0.0% of statements
	github.com/DotNetAge/mindx/internal/setup/component/daemoncheck		coverage: 0.0% of statements
	github.com/DotNetAge/mindx/internal/setup/component/memoryconfig		coverage: 0.0% of statements
=== RUN   TestViewContainsGradientTitle
    modelselect_test.go:25: 
        === View Output ===
        [1;38;2;23;153;234mM[m[1;38;2;84;139;225mi[m[1;38;2;84;139;225mn[m[1;38;2;105;133;220md[m[1;38;2;105;133;220mX[m[1;38;2;141;120;205m [m[1;38;2;141;120;205mv[m[1;38;2;151;116;193mb[m[1;38;2;151;116;193me[m[1;38;2;163;113;182mt[m[1;38;2;163;113;182ma[m[1;38;2;173;110;170m [m[1;38;2;173;110;170mS[m[1;38;2;178;108;164me[m[1;38;2;178;108;164mt[m[1;38;2;188;104;153mu[m[1;38;2;188;104;153mp[m                                             
                                                                      
                                                                      
                                                                      
            [38;5;252m选择默认模型[m[38;5;252m [m[38;5;252m [m[38;5;252m [m[38;5;252m [m[38;5;252m [m[38;5;252m [m[38;5;252m [m[38;5;252m [m[38;5;252m [m[38;5;252m [m[38;5;252m [m[38;5;252m [m[38;5;252m [m[38;5;252m [m[38;5;252m [m[38;5;252m [m[38;5;252m [m[38;5;252m [m[38;5;252m [m[38;5;252m [m[38;5;252m [m[38;5;252m [m[38;5;252m [m[38;5;252m [m[38;5;252m [m[38;5;252m [m[38;5;252m [m[38;5;252m [m[38;5;252m [m[38;5;252m [m[38;5;252m [m[38;5;252m [m[38;5;252m [m[38;5;252m [m[38;5;252m [m[38;5;252m [m[38;5;252m [m[38;5;252m [m[38;5;252m [m[38;5;252m [m[38;5;252m [m[38;5;252m [m[38;5;252m [m[38;5;252m [m  
            [38;5;252m [m[38;5;252m [m[38;5;252m [m[38;5;252m [m[38;5;252m [m[38;5;252m [m[38;5;252m [m[38;5;252m [m[38;5;252m [m[38;5;252m [m[38;5;252m [m[38;5;252m [m[38;5;252m [m[38;5;252m [m[38;5;252m [m[38;5;252m [m[38;5;252m [m[38;5;252m [m[38;5;252m [m[38;5;252m [m[38;5;252m [m[38;5;252m [m[38;5;252m [m[38;5;252m [m[38;5;252m [m[38;5;252m [m[38;5;252m [m[38;5;252m [m[38;5;252m [m[38;5;252m [m[38;5;252m [m[38;5;252m [m[38;5;252m [m[38;5;252m [m[38;5;252m [m[38;5;252m [m[38;5;252m [m[38;5;252m [m[38;5;252m [m[38;5;252m [m[38;5;252m [m[38;5;252m [m[38;5;252m [m[38;5;252m [m[38;5;252m [m[38;5;252m [m[38;5;252m [m[38;5;252m [m[38;5;252m [m[38;5;252m [m[38;5;252m [m[38;5;252m [m[38;5;252m [m[38;5;252m [m[38;5;252m [m[38;5;252m [m  
            [38;5;252m请选择一个 AI[m[38;5;252m 模型作为默认对话模型。[m[38;5;252m [m[38;5;252m [m[38;5;252m [m[38;5;252m [m[38;5;252m [m[38;5;252m [m[38;5;252m [m[38;5;252m [m[38;5;252m [m[38;5;252m [m[38;5;252m [m[38;5;252m [m[38;5;252m [m[38;5;252m [m[38;5;252m [m[38;5;252m [m[38;5;252m [m[38;5;252m [m[38;5;252m [m[38;5;252m [m  
                                                                      
          [38;5;212m❯  [1mGPT-4o[m — OpenAI 最新多模态模型[m                           
                                                                      
                                                                      
                                                                      
                                                                      
                                                                      
                                                                      
                                                                      
                                                                      
            [38;2;98;98;98m↑/k[m [38;2;74;74;74mup[m[38;2;60;60;60m • [m[38;2;98;98;98m↓/j[m [38;2;74;74;74mdown[m[38;2;60;60;60m • [m[38;2;98;98;98mq[m [38;2;74;74;74mquit[m[38;2;60;60;60m • [m[38;2;98;98;98m?[m [38;2;74;74;74mmore[m                       
                                                                      
            [38;5;252m↑↓ 选择  [m[38;5;252;1mEnter[m[38;5;252m 确认  [m[38;5;252;1mS[m[38;5;252m 跳过 (使用已有配置)  [m[38;5;252;1mEsc[m[38;5;252m 退出[m[38;5;252m [m[38;5;252m [m[38;5;252m [m[38;5;252m [m  
                                                                      
                                                                      
                                                                      
        
        === End ===
    modelselect_test.go:31: ✅ View output contains '选择一个 AI 模型'
    modelselect_test.go:35: ✅ View output contains ANSI escape codes
--- PASS: TestViewContainsGradientTitle (0.02s)
PASS
coverage: 50.6% of statements
ok  	github.com/DotNetAge/mindx/internal/setup/component/modelselect	1.136s	coverage: 50.6% of statements
	github.com/DotNetAge/mindx/internal/setup/component/pathsetup		coverage: 0.0% of statements
	github.com/DotNetAge/mindx/internal/setup/component/pythoncheck		coverage: 0.0% of statements
	github.com/DotNetAge/mindx/internal/setup/data		coverage: 0.0% of statements
	github.com/DotNetAge/mindx/internal/setup/examples/apikeyinput		coverage: 0.0% of statements
	github.com/DotNetAge/mindx/internal/setup/examples/daemoncheck		coverage: 0.0% of statements
	github.com/DotNetAge/mindx/internal/setup/examples/memoryconfig		coverage: 0.0% of statements
	github.com/DotNetAge/mindx/internal/setup/examples/modelselect		coverage: 0.0% of statements
	github.com/DotNetAge/mindx/internal/setup/examples/pathsetup		coverage: 0.0% of statements
	github.com/DotNetAge/mindx/internal/setup/examples/pythoncheck		coverage: 0.0% of statements
?   	github.com/DotNetAge/mindx/internal/setup/msg	[no test files]
=== RUN   TestGradientTitleOutput
len=422
repr="\x1b[1;38;2;23;153;234mM\x1b[m\x1b[1;38;2;84;139;225mi\x1b[m\x1b[1;38;2;84;139;225mn\x1b[m\x1b[1;38;2;105;133;220md\x1b[m\x1b[1;38;2;105;133;220mX\x1b[m\x1b[1;38;2;141;120;205m \x1b[m\x1b[1;38;2;141;120;205mv\x1b[m\x1b[1;38;2;151;116;193mb\x1b[m\x1b[1;38;2;151;116;193me\x1b[m\x1b[1;38;2;163;113;182mt\x1b[m\x1b[1;38;2;163;113;182ma\x1b[m\x1b[1;38;2;173;110;170m \x1b[m\x1b[1;38;2;173;110;170mS\x1b[m\x1b[1;38;2;178;108;164me\x1b[m\x1b[1;38;2;178;108;164mt\x1b[m\x1b[1;38;2;188;104;153mu\x1b[m\x1b[1;38;2;188;104;153mp\x1b[m"
[1;38;2;23;153;234mM[m[1;38;2;84;139;225mi[m[1;38;2;84;139;225mn[m[1;38;2;105;133;220md[m[1;38;2;105;133;220mX[m[1;38;2;141;120;205m [m[1;38;2;141;120;205mv[m[1;38;2;151;116;193mb[m[1;38;2;151;116;193me[m[1;38;2;163;113;182mt[m[1;38;2;163;113;182ma[m[1;38;2;173;110;170m [m[1;38;2;173;110;170mS[m[1;38;2;178;108;164me[m[1;38;2;178;108;164mt[m[1;38;2;188;104;153mu[m[1;38;2;188;104;153mp[m
✅ ANSI escape codes detected in output (len=422)
--- PASS: TestGradientTitleOutput (0.00s)
PASS
coverage: 91.7% of statements
ok  	github.com/DotNetAge/mindx/internal/setup/style	1.011s	coverage: 91.7% of statements
=== RUN   TestHandleSessionList_Empty
2026-06-07T05:28:16.753Z	warn	core/app.go:88	WARNING: failed to load .env file: %v
2026-06-07T05:28:16.753Z	info	core/app.go:104	loading agents	{"dir": "/home/runner/.mindx/agents"}
    daemon_rpc_test.go:70: DefaultApp() error = failed to load agents: failed to read directory /home/runner/.mindx/agents: open /home/runner/.mindx/agents: no such file or directory
--- FAIL: TestHandleSessionList_Empty (0.00s)
=== RUN   TestHandleSessionList_WithSessions
2026-06-07T05:28:16.755Z	warn	core/app.go:88	WARNING: failed to load .env file: %v
2026-06-07T05:28:16.755Z	info	core/app.go:104	loading agents	{"dir": "/home/runner/.mindx/agents"}
    daemon_rpc_test.go:88: DefaultApp() error = failed to load agents: failed to read directory /home/runner/.mindx/agents: open /home/runner/.mindx/agents: no such file or directory
--- FAIL: TestHandleSessionList_WithSessions (0.00s)
=== RUN   TestHandleSessionList_FilterByAgent
2026-06-07T05:28:16.757Z	warn	core/app.go:88	WARNING: failed to load .env file: %v
2026-06-07T05:28:16.757Z	info	core/app.go:104	loading agents	{"dir": "/home/runner/.mindx/agents"}
    daemon_rpc_test.go:115: DefaultApp() error = failed to load agents: failed to read directory /home/runner/.mindx/agents: open /home/runner/.mindx/agents: no such file or directory
--- FAIL: TestHandleSessionList_FilterByAgent (0.00s)
=== RUN   TestHandleSessionList_InvalidJSON
2026-06-07T05:28:16.758Z	warn	core/app.go:88	WARNING: failed to load .env file: %v
2026-06-07T05:28:16.758Z	info	core/app.go:104	loading agents	{"dir": "/home/runner/.mindx/agents"}
    daemon_rpc_test.go:144: DefaultApp() error = failed to load agents: failed to read directory /home/runner/.mindx/agents: open /home/runner/.mindx/agents: no such file or directory
--- FAIL: TestHandleSessionList_InvalidJSON (0.00s)
=== RUN   TestHandleSessionList_NilParams
2026-06-07T05:28:16.759Z	warn	core/app.go:88	WARNING: failed to load .env file: %v
2026-06-07T05:28:16.759Z	info	core/app.go:104	loading agents	{"dir": "/home/runner/.mindx/agents"}
    daemon_rpc_test.go:155: DefaultApp() error = failed to load agents: failed to read directory /home/runner/.mindx/agents: open /home/runner/.mindx/agents: no such file or directory
--- FAIL: TestHandleSessionList_NilParams (0.00s)
=== RUN   TestHandleSessionGet_OK
2026-06-07T05:28:16.760Z	warn	core/app.go:88	WARNING: failed to load .env file: %v
2026-06-07T05:28:16.760Z	info	core/app.go:104	loading agents	{"dir": "/home/runner/.mindx/agents"}
    daemon_rpc_test.go:172: DefaultApp() error = failed to load agents: failed to read directory /home/runner/.mindx/agents: open /home/runner/.mindx/agents: no such file or directory
--- FAIL: TestHandleSessionGet_OK (0.00s)
=== RUN   TestHandleSessionGet_MissingSessionID
2026-06-07T05:28:16.761Z	warn	core/app.go:88	WARNING: failed to load .env file: %v
2026-06-07T05:28:16.761Z	info	core/app.go:104	loading agents	{"dir": "/home/runner/.mindx/agents"}
    daemon_rpc_test.go:197: DefaultApp() error = failed to load agents: failed to read directory /home/runner/.mindx/agents: open /home/runner/.mindx/agents: no such file or directory
--- FAIL: TestHandleSessionGet_MissingSessionID (0.00s)
=== RUN   TestHandleSessionGet_NotFound
2026-06-07T05:28:16.762Z	warn	core/app.go:88	WARNING: failed to load .env file: %v
2026-06-07T05:28:16.762Z	info	core/app.go:104	loading agents	{"dir": "/home/runner/.mindx/agents"}
    daemon_rpc_test.go:208: DefaultApp() error = failed to load agents: failed to read directory /home/runner/.mindx/agents: open /home/runner/.mindx/agents: no such file or directory
--- FAIL: TestHandleSessionGet_NotFound (0.00s)
=== RUN   TestHandleSessionMeta_OK
2026-06-07T05:28:16.763Z	warn	core/app.go:88	WARNING: failed to load .env file: %v
2026-06-07T05:28:16.763Z	info	core/app.go:104	loading agents	{"dir": "/home/runner/.mindx/agents"}
    daemon_rpc_test.go:234: DefaultApp() error = failed to load agents: failed to read directory /home/runner/.mindx/agents: open /home/runner/.mindx/agents: no such file or directory
--- FAIL: TestHandleSessionMeta_OK (0.00s)
=== RUN   TestHandleSessionMeta_MissingSessionID
2026-06-07T05:28:16.764Z	warn	core/app.go:88	WARNING: failed to load .env file: %v
2026-06-07T05:28:16.764Z	info	core/app.go:104	loading agents	{"dir": "/home/runner/.mindx/agents"}
    daemon_rpc_test.go:259: DefaultApp() error = failed to load agents: failed to read directory /home/runner/.mindx/agents: open /home/runner/.mindx/agents: no such file or directory
--- FAIL: TestHandleSessionMeta_MissingSessionID (0.00s)
=== RUN   TestHandleSessionMeta_NotFound
2026-06-07T05:28:16.765Z	warn	core/app.go:88	WARNING: failed to load .env file: %v
2026-06-07T05:28:16.765Z	info	core/app.go:104	loading agents	{"dir": "/home/runner/.mindx/agents"}
    daemon_rpc_test.go:270: DefaultApp() error = failed to load agents: failed to read directory /home/runner/.mindx/agents: open /home/runner/.mindx/agents: no such file or directory
--- FAIL: TestHandleSessionMeta_NotFound (0.00s)
=== RUN   TestHandleMemoryQuery_NilMemory
2026-06-07T05:28:16.766Z	warn	core/app.go:88	WARNING: failed to load .env file: %v
2026-06-07T05:28:16.766Z	info	core/app.go:104	loading agents	{"dir": "/home/runner/.mindx/agents"}
    daemon_rpc_test.go:285: DefaultApp() error = failed to load agents: failed to read directory /home/runner/.mindx/agents: open /home/runner/.mindx/agents: no such file or directory
--- FAIL: TestHandleMemoryQuery_NilMemory (0.00s)
=== RUN   TestHandleMemoryQuery_MissingQuery
2026-06-07T05:28:16.767Z	warn	core/app.go:88	WARNING: failed to load .env file: %v
2026-06-07T05:28:16.767Z	info	core/app.go:104	loading agents	{"dir": "/home/runner/.mindx/agents"}
    daemon_rpc_test.go:296: DefaultApp() error = failed to load agents: failed to read directory /home/runner/.mindx/agents: open /home/runner/.mindx/agents: no such file or directory
--- FAIL: TestHandleMemoryQuery_MissingQuery (0.00s)
=== RUN   TestHandleMemoryQuery_InvalidJSON
2026-06-07T05:28:16.768Z	warn	core/app.go:88	WARNING: failed to load .env file: %v
2026-06-07T05:28:16.768Z	info	core/app.go:104	loading agents	{"dir": "/home/runner/.mindx/agents"}
    daemon_rpc_test.go:307: DefaultApp() error = failed to load agents: failed to read directory /home/runner/.mindx/agents: open /home/runner/.mindx/agents: no such file or directory
--- FAIL: TestHandleMemoryQuery_InvalidJSON (0.00s)
=== RUN   TestHandleMemoryStore_NilMemory
2026-06-07T05:28:16.769Z	warn	core/app.go:88	WARNING: failed to load .env file: %v
2026-06-07T05:28:16.769Z	info	core/app.go:104	loading agents	{"dir": "/home/runner/.mindx/agents"}
    daemon_rpc_test.go:317: DefaultApp() error = failed to load agents: failed to read directory /home/runner/.mindx/agents: open /home/runner/.mindx/agents: no such file or directory
--- FAIL: TestHandleMemoryStore_NilMemory (0.00s)
=== RUN   TestHandleMemoryStore_MissingContent
2026-06-07T05:28:16.770Z	warn	core/app.go:88	WARNING: failed to load .env file: %v
2026-06-07T05:28:16.770Z	info	core/app.go:104	loading agents	{"dir": "/home/runner/.mindx/agents"}
    daemon_rpc_test.go:328: DefaultApp() error = failed to load agents: failed to read directory /home/runner/.mindx/agents: open /home/runner/.mindx/agents: no such file or directory
--- FAIL: TestHandleMemoryStore_MissingContent (0.00s)
=== RUN   TestHandleMemoryStore_InvalidJSON
2026-06-07T05:28:16.771Z	warn	core/app.go:88	WARNING: failed to load .env file: %v
2026-06-07T05:28:16.771Z	info	core/app.go:104	loading agents	{"dir": "/home/runner/.mindx/agents"}
    daemon_rpc_test.go:339: DefaultApp() error = failed to load agents: failed to read directory /home/runner/.mindx/agents: open /home/runner/.mindx/agents: no such file or directory
--- FAIL: TestHandleMemoryStore_InvalidJSON (0.00s)
=== RUN   TestHandleMemoryStore_SessionTypeNilMemory
2026-06-07T05:28:16.772Z	warn	core/app.go:88	WARNING: failed to load .env file: %v
2026-06-07T05:28:16.772Z	info	core/app.go:104	loading agents	{"dir": "/home/runner/.mindx/agents"}
    daemon_rpc_test.go:349: DefaultApp() error = failed to load agents: failed to read directory /home/runner/.mindx/agents: open /home/runner/.mindx/agents: no such file or directory
--- FAIL: TestHandleMemoryStore_SessionTypeNilMemory (0.00s)
=== RUN   TestHandleMemoryDelete_NilMemory
2026-06-07T05:28:16.773Z	warn	core/app.go:88	WARNING: failed to load .env file: %v
2026-06-07T05:28:16.773Z	info	core/app.go:104	loading agents	{"dir": "/home/runner/.mindx/agents"}
    daemon_rpc_test.go:363: DefaultApp() error = failed to load agents: failed to read directory /home/runner/.mindx/agents: open /home/runner/.mindx/agents: no such file or directory
--- FAIL: TestHandleMemoryDelete_NilMemory (0.00s)
=== RUN   TestHandleMemoryDelete_MissingID
2026-06-07T05:28:16.774Z	warn	core/app.go:88	WARNING: failed to load .env file: %v
2026-06-07T05:28:16.774Z	info	core/app.go:104	loading agents	{"dir": "/home/runner/.mindx/agents"}
    daemon_rpc_test.go:374: DefaultApp() error = failed to load agents: failed to read directory /home/runner/.mindx/agents: open /home/runner/.mindx/agents: no such file or directory
--- FAIL: TestHandleMemoryDelete_MissingID (0.00s)
=== RUN   TestHandleMemoryDelete_InvalidJSON
2026-06-07T05:28:16.775Z	warn	core/app.go:88	WARNING: failed to load .env file: %v
2026-06-07T05:28:16.775Z	info	core/app.go:104	loading agents	{"dir": "/home/runner/.mindx/agents"}
    daemon_rpc_test.go:385: DefaultApp() error = failed to load agents: failed to read directory /home/runner/.mindx/agents: open /home/runner/.mindx/agents: no such file or directory
--- FAIL: TestHandleMemoryDelete_InvalidJSON (0.00s)
=== RUN   TestRPCMethods_InitGatewayRegistersAll
2026-06-07T05:28:16.776Z	warn	core/app.go:88	WARNING: failed to load .env file: %v
2026-06-07T05:28:16.776Z	info	core/app.go:104	loading agents	{"dir": "/home/runner/.mindx/agents"}
    daemon_rpc_test.go:399: DefaultApp() error = failed to load agents: failed to read directory /home/runner/.mindx/agents: open /home/runner/.mindx/agents: no such file or directory
--- FAIL: TestRPCMethods_InitGatewayRegistersAll (0.00s)
=== RUN   TestHandleAgentList_OK
2026-06-07T05:28:16.777Z	warn	core/app.go:88	WARNING: failed to load .env file: %v
2026-06-07T05:28:16.777Z	info	core/app.go:104	loading agents	{"dir": "/home/runner/.mindx/agents"}
    daemon_rpc_test.go:422: DefaultApp() error = failed to load agents: failed to read directory /home/runner/.mindx/agents: open /home/runner/.mindx/agents: no such file or directory
--- FAIL: TestHandleAgentList_OK (0.00s)
=== RUN   TestHandleAgentList_InvalidJSON
2026-06-07T05:28:16.778Z	warn	core/app.go:88	WARNING: failed to load .env file: %v
2026-06-07T05:28:16.778Z	info	core/app.go:104	loading agents	{"dir": "/home/runner/.mindx/agents"}
    daemon_rpc_test.go:436: DefaultApp() error = failed to load agents: failed to read directory /home/runner/.mindx/agents: open /home/runner/.mindx/agents: no such file or directory
--- FAIL: TestHandleAgentList_InvalidJSON (0.00s)
=== RUN   TestHandleAgentGet_MissingName
2026-06-07T05:28:16.779Z	warn	core/app.go:88	WARNING: failed to load .env file: %v
2026-06-07T05:28:16.779Z	info	core/app.go:104	loading agents	{"dir": "/home/runner/.mindx/agents"}
    daemon_rpc_test.go:449: DefaultApp() error = failed to load agents: failed to read directory /home/runner/.mindx/agents: open /home/runner/.mindx/agents: no such file or directory
--- FAIL: TestHandleAgentGet_MissingName (0.00s)
=== RUN   TestHandleAgentGet_NotFound
2026-06-07T05:28:16.780Z	warn	core/app.go:88	WARNING: failed to load .env file: %v
2026-06-07T05:28:16.780Z	info	core/app.go:104	loading agents	{"dir": "/home/runner/.mindx/agents"}
    daemon_rpc_test.go:460: DefaultApp() error = failed to load agents: failed to read directory /home/runner/.mindx/agents: open /home/runner/.mindx/agents: no such file or directory
--- FAIL: TestHandleAgentGet_NotFound (0.00s)
=== RUN   TestHandleAgentUpdate_MissingName
2026-06-07T05:28:16.782Z	warn	core/app.go:88	WARNING: failed to load .env file: %v
2026-06-07T05:28:16.782Z	info	core/app.go:104	loading agents	{"dir": "/home/runner/.mindx/agents"}
    daemon_rpc_test.go:471: DefaultApp() error = failed to load agents: failed to read directory /home/runner/.mindx/agents: open /home/runner/.mindx/agents: no such file or directory
--- FAIL: TestHandleAgentUpdate_MissingName (0.00s)
=== RUN   TestHandleAgentUpdate_NotFound
2026-06-07T05:28:16.783Z	warn	core/app.go:88	WARNING: failed to load .env file: %v
2026-06-07T05:28:16.783Z	info	core/app.go:104	loading agents	{"dir": "/home/runner/.mindx/agents"}
    daemon_rpc_test.go:482: DefaultApp() error = failed to load agents: failed to read directory /home/runner/.mindx/agents: open /home/runner/.mindx/agents: no such file or directory
--- FAIL: TestHandleAgentUpdate_NotFound (0.00s)
=== RUN   TestHandleAgentUpdate_InvalidJSON
2026-06-07T05:28:16.784Z	warn	core/app.go:88	WARNING: failed to load .env file: %v
2026-06-07T05:28:16.784Z	info	core/app.go:104	loading agents	{"dir": "/home/runner/.mindx/agents"}
    daemon_rpc_test.go:496: DefaultApp() error = failed to load agents: failed to read directory /home/runner/.mindx/agents: open /home/runner/.mindx/agents: no such file or directory
--- FAIL: TestHandleAgentUpdate_InvalidJSON (0.00s)
=== RUN   TestHandleAgentUpdate_OK
2026-06-07T05:28:16.785Z	warn	core/app.go:88	WARNING: failed to load .env file: %v
2026-06-07T05:28:16.785Z	info	core/app.go:104	loading agents	{"dir": "/home/runner/.mindx/agents"}
    daemon_rpc_test.go:528: DefaultApp() error = failed to load agents: failed to read directory /home/runner/.mindx/agents: open /home/runner/.mindx/agents: no such file or directory
--- FAIL: TestHandleAgentUpdate_OK (0.00s)
=== RUN   TestHandleAgentUpdate_PartialFieldsOnly
2026-06-07T05:28:16.786Z	warn	core/app.go:88	WARNING: failed to load .env file: %v
2026-06-07T05:28:16.786Z	info	core/app.go:104	loading agents	{"dir": "/home/runner/.mindx/agents"}
    daemon_rpc_test.go:581: DefaultApp() error = failed to load agents: failed to read directory /home/runner/.mindx/agents: open /home/runner/.mindx/agents: no such file or directory
--- FAIL: TestHandleAgentUpdate_PartialFieldsOnly (0.00s)
=== RUN   TestHandleAgentUpdate_UpdateBody
2026-06-07T05:28:16.787Z	warn	core/app.go:88	WARNING: failed to load .env file: %v
2026-06-07T05:28:16.787Z	info	core/app.go:104	loading agents	{"dir": "/home/runner/.mindx/agents"}
    daemon_rpc_test.go:619: DefaultApp() error = failed to load agents: failed to read directory /home/runner/.mindx/agents: open /home/runner/.mindx/agents: no such file or directory
--- FAIL: TestHandleAgentUpdate_UpdateBody (0.00s)
=== RUN   TestHandleModelList_OK
2026-06-07T05:28:16.788Z	warn	core/app.go:88	WARNING: failed to load .env file: %v
2026-06-07T05:28:16.788Z	info	core/app.go:104	loading agents	{"dir": "/home/runner/.mindx/agents"}
    daemon_rpc_test.go:657: DefaultApp() error = failed to load agents: failed to read directory /home/runner/.mindx/agents: open /home/runner/.mindx/agents: no such file or directory
--- FAIL: TestHandleModelList_OK (0.00s)
=== RUN   TestHandleModelGet_MissingName
2026-06-07T05:28:16.789Z	warn	core/app.go:88	WARNING: failed to load .env file: %v
2026-06-07T05:28:16.789Z	info	core/app.go:104	loading agents	{"dir": "/home/runner/.mindx/agents"}
    daemon_rpc_test.go:670: DefaultApp() error = failed to load agents: failed to read directory /home/runner/.mindx/agents: open /home/runner/.mindx/agents: no such file or directory
--- FAIL: TestHandleModelGet_MissingName (0.00s)
=== RUN   TestHandleModelGet_NotFound
2026-06-07T05:28:16.790Z	warn	core/app.go:88	WARNING: failed to load .env file: %v
2026-06-07T05:28:16.790Z	info	core/app.go:104	loading agents	{"dir": "/home/runner/.mindx/agents"}
    daemon_rpc_test.go:681: DefaultApp() error = failed to load agents: failed to read directory /home/runner/.mindx/agents: open /home/runner/.mindx/agents: no such file or directory
--- FAIL: TestHandleModelGet_NotFound (0.00s)
=== RUN   TestHandleSkillList_NoReactor
2026-06-07T05:28:16.790Z	warn	core/app.go:88	WARNING: failed to load .env file: %v
2026-06-07T05:28:16.791Z	info	core/app.go:104	loading agents	{"dir": "/home/runner/.mindx/agents"}
    daemon_rpc_test.go:696: DefaultApp() error = failed to load agents: failed to read directory /home/runner/.mindx/agents: open /home/runner/.mindx/agents: no such file or directory
--- FAIL: TestHandleSkillList_NoReactor (0.00s)
=== RUN   TestHandleSkillList_InvalidJSON
2026-06-07T05:28:16.791Z	warn	core/app.go:88	WARNING: failed to load .env file: %v
2026-06-07T05:28:16.792Z	info	core/app.go:104	loading agents	{"dir": "/home/runner/.mindx/agents"}
    daemon_rpc_test.go:709: DefaultApp() error = failed to load agents: failed to read directory /home/runner/.mindx/agents: open /home/runner/.mindx/agents: no such file or directory
--- FAIL: TestHandleSkillList_InvalidJSON (0.00s)
=== RUN   TestHandleSkillGet_MissingName
2026-06-07T05:28:16.793Z	warn	core/app.go:88	WARNING: failed to load .env file: %v
2026-06-07T05:28:16.793Z	info	core/app.go:104	loading agents	{"dir": "/home/runner/.mindx/agents"}
    daemon_rpc_test.go:719: DefaultApp() error = failed to load agents: failed to read directory /home/runner/.mindx/agents: open /home/runner/.mindx/agents: no such file or directory
--- FAIL: TestHandleSkillGet_MissingName (0.00s)
=== RUN   TestIntegration_CommandMetas
2026-06-07T05:28:16.793Z	warn	core/app.go:88	WARNING: failed to load .env file: %v
2026-06-07T05:28:16.793Z	info	core/app.go:104	loading agents	{"dir": "/home/runner/.mindx/agents"}
    app_integration_test.go:26: failed to create server: failed to load agents: failed to read directory /home/runner/.mindx/agents: open /home/runner/.mindx/agents: no such file or directory
--- FAIL: TestIntegration_CommandMetas (0.00s)
FAIL
coverage: 0.4% of statements
FAIL	github.com/DotNetAge/mindx/internal/svc	0.111s
=== RUN   TestLevel_String
=== RUN   TestLevel_String/DEBUG
=== RUN   TestLevel_String/INFO
=== RUN   TestLevel_String/WARN
=== RUN   TestLevel_String/ERROR
=== RUN   TestLevel_String/UNKNOWN
--- PASS: TestLevel_String (0.00s)
    --- PASS: TestLevel_String/DEBUG (0.00s)
    --- PASS: TestLevel_String/INFO (0.00s)
    --- PASS: TestLevel_String/WARN (0.00s)
    --- PASS: TestLevel_String/ERROR (0.00s)
    --- PASS: TestLevel_String/UNKNOWN (0.00s)
=== RUN   TestWithLevel
--- PASS: TestWithLevel (0.00s)
=== RUN   TestDefaultConsoleLogger
--- PASS: TestDefaultConsoleLogger (0.00s)
=== RUN   TestDefaultConsoleLogger_ImplementsInterface
--- PASS: TestDefaultConsoleLogger_ImplementsInterface (0.00s)
=== RUN   TestDefaultFileLogger_Success
--- PASS: TestDefaultFileLogger_Success (0.00s)
=== RUN   TestDefaultFileLogger_InvalidPath
--- PASS: TestDefaultFileLogger_InvalidPath (0.00s)
=== RUN   TestDefaultNoopLogger
--- PASS: TestDefaultNoopLogger (0.00s)
=== RUN   TestNoopLogger_AllMethodsNoOp
--- PASS: TestNoopLogger_AllMethodsNoOp (0.00s)
=== RUN   TestDefaultLogger_Info
--- PASS: TestDefaultLogger_Info (0.00s)
=== RUN   TestDefaultLogger_Error
--- PASS: TestDefaultLogger_Error (0.00s)
=== RUN   TestDefaultLogger_Debug
--- PASS: TestDefaultLogger_Debug (0.00s)
=== RUN   TestDefaultLogger_Warn
--- PASS: TestDefaultLogger_Warn (0.00s)
=== RUN   TestDefaultLogger_LevelFiltering
--- PASS: TestDefaultLogger_LevelFiltering (0.00s)
=== RUN   TestDefaultLogger_ErrorWithNilError
--- PASS: TestDefaultLogger_ErrorWithNilError (0.00s)
=== RUN   TestDefaultLogger_ErrorWithRealError
--- PASS: TestDefaultLogger_ErrorWithRealError (0.00s)
=== RUN   TestDefaultLogger_KeyvalsFormat
--- PASS: TestDefaultLogger_KeyvalsFormat (0.00s)
=== RUN   TestDefaultLogger_NoKeyvals
--- PASS: TestDefaultLogger_NoKeyvals (0.00s)
=== RUN   TestDefaultLogger_OddKeyvals
--- PASS: TestDefaultLogger_OddKeyvals (0.00s)
=== RUN   TestDefaultLogger_Close
--- PASS: TestDefaultLogger_Close (0.00s)
=== RUN   TestDefaultLogger_ErrorWithErrorAndKeyvals
--- PASS: TestDefaultLogger_ErrorWithErrorAndKeyvals (0.00s)
PASS
coverage: 18.2% of statements
ok  	github.com/DotNetAge/mindx/pkg/logging	1.017s	coverage: 18.2% of statements
	github.com/DotNetAge/mindx/pkg/memory		coverage: 0.0% of statements
	github.com/DotNetAge/mindx/pkg/scheduler		coverage: 0.0% of statements
=== RUN   TestFileStoreWithComplexContent
=== RUN   TestFileStoreWithComplexContent/append_and_retrieve_all_formats
=== RUN   TestFileStoreWithComplexContent/append_and_retrieve_all_formats/plain_text
=== RUN   TestFileStoreWithComplexContent/append_and_retrieve_all_formats/markdown_content
=== RUN   TestFileStoreWithComplexContent/append_and_retrieve_all_formats/xml_content
=== RUN   TestFileStoreWithComplexContent/append_and_retrieve_all_formats/json_content
=== RUN   TestFileStoreWithComplexContent/append_and_retrieve_all_formats/yaml-like_content_(should_not_conflict)
=== RUN   TestFileStoreWithComplexContent/append_and_retrieve_all_formats/special_characters
=== RUN   TestFileStoreWithComplexContent/append_and_retrieve_all_formats/multiline_code_with_indentation
=== RUN   TestFileStoreWithComplexContent/delete_specific_message
=== RUN   TestFileStoreWithComplexContent/clear_session
--- PASS: TestFileStoreWithComplexContent (0.01s)
    --- PASS: TestFileStoreWithComplexContent/append_and_retrieve_all_formats (0.01s)
        --- PASS: TestFileStoreWithComplexContent/append_and_retrieve_all_formats/plain_text (0.00s)
        --- PASS: TestFileStoreWithComplexContent/append_and_retrieve_all_formats/markdown_content (0.00s)
        --- PASS: TestFileStoreWithComplexContent/append_and_retrieve_all_formats/xml_content (0.00s)
        --- PASS: TestFileStoreWithComplexContent/append_and_retrieve_all_formats/json_content (0.00s)
        --- PASS: TestFileStoreWithComplexContent/append_and_retrieve_all_formats/yaml-like_content_(should_not_conflict) (0.00s)
        --- PASS: TestFileStoreWithComplexContent/append_and_retrieve_all_formats/special_characters (0.00s)
        --- PASS: TestFileStoreWithComplexContent/append_and_retrieve_all_formats/multiline_code_with_indentation (0.00s)
    --- PASS: TestFileStoreWithComplexContent/delete_specific_message (0.00s)
    --- PASS: TestFileStoreWithComplexContent/clear_session (0.00s)
=== RUN   TestFileStoreYAMLFormat
    file_store_test.go:175: Generated YAML file content:
        - role: assistant
          content: IyBDb21wbGV4IE1hcmtkb3duCgojIyBGZWF0dXJlcwotICoqQm9sZCoqIGFuZCAqaXRhbGljKgotIGBjb2RlIGlubGluZWAKLSBbbGlua3NdKGh0dHA6Ly9leGFtcGxlLmNvbSkKCmBgYGpzb24KeyAia2V5IjogInZhbHVlIiB9CmBgYAoKPiBCbG9ja3F1b3RlIHdpdGggInF1b3RlcyIgYW5kICdhcG9zdHJvcGhlcyc=
          timestamp: 1705314600000
--- PASS: TestFileStoreYAMLFormat (0.00s)
PASS
coverage: 20.9% of statements
ok  	github.com/DotNetAge/mindx/pkg/session	1.054s	coverage: 20.9% of statements
FAIL
